/Users/danilmartemianov/Desktop/TinkEducation/backend_academy_2024_project_1-java-DanilMartemyanov/src/test/java/backend/academy/samples/AssertjExamplesTest.java
/Users/danilmartemianov/Desktop/TinkEducation/backend_academy_2024_project_1-java-DanilMartemyanov/src/test/java/backend/academy/samples/AwaitilityExamplesTest.java
/Users/danilmartemianov/Desktop/TinkEducation/backend_academy_2024_project_1-java-DanilMartemyanov/src/test/java/backend/academy/samples/ExceptionsTest.java
/Users/danilmartemianov/Desktop/TinkEducation/backend_academy_2024_project_1-java-DanilMartemyanov/src/test/java/backend/academy/samples/InstancioExamplesTest.java
/Users/danilmartemianov/Desktop/TinkEducation/backend_academy_2024_project_1-java-DanilMartemyanov/src/test/java/backend/academy/samples/Junit5ExamplesTest.java
/Users/danilmartemianov/Desktop/TinkEducation/backend_academy_2024_project_1-java-DanilMartemyanov/src/test/java/backend/academy/samples/MockitoExamplesTest.java
/Users/danilmartemianov/Desktop/TinkEducation/backend_academy_2024_project_1-java-DanilMartemyanov/src/test/java/backend/academy/samples/RestAssuredTest.java
